Num weight bits = 18
learning rate = 0.5
initial_t = 0
power_t = 0.5
decay_learning_rate = 1
creating cache_file = train-sets/affix_test.dat.cache
Reading datafile = train-sets/affix_test.dat
num sources = 1
average    since         example     example  current  current  current
loss       last          counter      weight    label  predict features
1.008092   1.008092            3         3.0  -1.0000  -0.2249        3
0.808355   0.608619            6         6.0   1.0000   0.2517        3
0.496722   0.122761           11        11.0  -1.0000  -0.7206        3
0.259290   0.021858           22        22.0   1.0000   0.9391        3
0.129920   0.000549           44        44.0   1.0000   0.9947        3
0.065707   0.000001           87        87.0  -1.0000  -1.0000        3
0.032854   0.000000          174       174.0   1.0000   1.0000        3

finished run
number of examples per pass = 6
passes used = 40
weighted example sum = 240
weighted label sum = 0
average loss = 0.0238188
best constant = 0
total feature number = 720
